main.c:97:6:HAL_TIM_PeriodElapsedCallback	16	static
main.c:124:6:HAL_UART_RxCpltCallback	24	static
main.c:154:5:main	24	static
main.c:224:6:SystemClock_Config	216	static
main.c:285:13:MX_I2C1_Init	8	static
main.c:331:13:MX_TIM3_Init	48	static
main.c:384:13:MX_TIM4_Init	56	static
main.c:433:13:MX_TIM6_Init	24	static
main.c:471:13:MX_USART3_UART_Init	8	static
main.c:506:13:MX_GPIO_Init	56	static
main.c:600:6:BH1750_init	16	static
main.c:607:7:BH1750_read	32	static
main.c:621:6:Error_Handler	4	static,ignoring_inline_asm
