main.c:99:6:lcd_send_cmd	32	static
main.c:113:6:lcd_send_data	32	static
main.c:127:6:lcd_init	8	static
main.c:153:6:lcd_send_string	16	static
main.c:164:5:main	104	static
main.c:217:6:SystemClock_Config	216	static
main.c:278:13:MX_I2C1_Init	8	static
main.c:324:13:MX_TIM3_Init	48	static
main.c:377:13:MX_TIM4_Init	56	static
main.c:426:13:MX_USART3_UART_Init	8	static
main.c:461:13:MX_GPIO_Init	56	static
main.c:555:6:BH1750_init	16	static
main.c:562:7:BH1750_read	32	static
main.c:578:6:Error_Handler	4	static,ignoring_inline_asm
